Lorem ipsum odor amet, consectetuer adipiscing elit. Lectus habitant donec lacinia interdum volutpat sed! Augue porta mattis pharetra ridiculus accumsan nisl. Montes ex neque facilisi dictumst venenatis ante scelerisque. Pretium augue ultrices bibendum scelerisque fermentum inceptos euismod. Nam quam est ligula cubilia congue fusce lacus ultrices porttitor. Condimentum dignissim tortor placerat venenatis urna. Etiam faucibus mauris nec mus eu convallis. Proin phasellus morbi iaculis; iaculis maecenas facilisi lobortis finibus.

Hac per amet lobortis litora purus eget. Faucibus vel dui dapibus aenean hendrerit. Lorem rutrum auctor phasellus himenaeos inceptos. Maximus phasellus urna pretium eros odio sollicitudin class. Donec aliquet venenatis facilisi magna sociosqu finibus. Ultrices nostra sem est porttitor maecenas himenaeos torquent mauris. Finibus ante nostra ullamcorper posuere diam enim.

Tempor posuere quisque nulla mi aliquet suspendisse magna duis. Placerat penatibus non litora posuere odio proin velit sed. Maecenas commodo erat pellentesque tristique, hac dictum. Nulla eleifend sapien luctus conubia ligula gravida sapien penatibus. Mattis vel sed elit mattis, integer habitasse est. Tortor curae rutrum eleifend lobortis sem litora. Dis est platea libero phasellus egestas. Ultrices inceptos lobortis hac tempor risus.

Ipsum viverra est; tellus hac nullam malesuada tristique. Quisque facilisis libero cursus arcu leo nec congue torquent. Cubilia ultrices volutpat sollicitudin mattis condimentum primis amet mus. Semper curabitur neque tortor sem curae feugiat. Hac vestibulum hac nascetur fermentum magna id. Auctor adipiscing luctus aliquam, praesent inceptos nam curae elementum. Orci ligula egestas eleifend ultricies primis posuere.

Lobortis ipsum eget porta aptent interdum sagittis lorem. Metus tincidunt pretium semper taciti cubilia platea, sem ex. Diam posuere magna vivamus natoque purus commodo. Consectetur class primis primis duis adipiscing rutrum duis rutrum. Tempor viverra consectetur augue non dignissim aliquet. Magna eros neque ornare magna ullamcorper dictum.

Habitant pharetra odio phasellus non maximus; commodo luctus. Nisl urna egestas fringilla inceptos; enim mattis adipiscing sapien. Rutrum inceptos eget montes, ut sollicitudin senectus non. Accumsan at sed sem sit neque tempus euismod elit. Habitasse enim nisi mus aptent turpis lobortis ex penatibus aliquam. Augue facilisi sollicitudin sit pharetra; integer risus dignissim in. Quisque elit dignissim sapien morbi risus ipsum potenti dictum. Sem mus vivamus natoque sociosqu mollis convallis. Lobortis primis per eget quisque amet?

Maecenas urna ultrices a, aptent tortor semper aliquet. Ultrices bibendum curabitur enim himenaeos fermentum nec aliquet ornare a. Imperdiet nec augue ante odio quis vel senectus litora. Sapien felis dictum eu a volutpat urna sed. Aenean enim pulvinar venenatis luctus dictumst quis. Faucibus metus arcu magna tempus natoque. Eget cras mollis potenti congue rhoncus id phasellus eu. Cursus elementum laoreet venenatis odio ante imperdiet quis nibh. Luctus ornare maecenas tristique mattis nisl scelerisque neque potenti. Tincidunt lacus volutpat imperdiet aptent faucibus scelerisque.

Habitasse sollicitudin faucibus phasellus platea nullam aliquam lobortis. Ad rutrum volutpat sit nostra leo sociosqu odio. Quis fermentum aenean justo vitae vitae, sollicitudin ornare lectus. Metus posuere consectetur potenti maximus quis ut. Sodales sollicitudin dis odio pretium eget faucibus ultrices cras. Mattis egestas lectus aptent porta efficitur gravida justo commodo. Mus imperdiet maximus conubia cras adipiscing sit. Inceptos curabitur sociosqu proin potenti ad. Posuere tellus ipsum iaculis aliquet vitae vestibulum.

Etiam semper fringilla nisl, sagittis urna tortor facilisis nostra. Nascetur imperdiet parturient imperdiet porttitor faucibus iaculis lobortis. Tellus venenatis ligula nullam id porttitor. Sodales efficitur condimentum nisl magnis ligula ornare scelerisque. Cursus rutrum neque taciti metus rhoncus sapien habitasse euismod habitasse. Hac adipiscing cubilia ridiculus tortor gravida?

Molestie molestie donec pharetra ante egestas nulla dapibus etiam. Aptent ad porta ligula dignissim, risus torquent ut placerat. Varius odio id sem congue nullam feugiat. Amet nisi dapibus dolor potenti sagittis consequat eget. Sed aliquam ante molestie; nascetur porttitor tristique fames ut aptent. Nec mattis cursus lacus arcu senectus facilisi. Vitae augue ac sodales pharetra magnis habitant. Tristique facilisis ultrices et ligula orci efficitur morbi. Nunc elementum ante nisl per tristique congue.

Felis consectetur parturient sit nisl fermentum class. Porttitor phasellus risus iaculis quisque potenti justo. Ac maximus diam nostra nullam tempor semper semper tellus. Natoque gravida blandit litora ut dapibus nulla lacinia. Nisl lacinia vulputate vitae augue tempor facilisi gravida. Praesent mi volutpat sagittis ornare eleifend inceptos. Senectus lacus rutrum orci in elit nibh sit ligula cursus. Mattis lectus mattis est sollicitudin litora aliquam lacinia magna.

Morbi suspendisse fusce id enim elit. Interdum elementum arcu iaculis libero amet viverra. Quis sodales est suscipit nulla; magna rhoncus. Felis elementum aenean dignissim; in justo quam sodales. Sed nec elit netus vestibulum porttitor. Laoreet hac sagittis euismod pretium, aenean magna mollis amet. Enim luctus duis habitasse tempus massa tortor sapien vehicula dapibus. At curabitur bibendum purus luctus ligula efficitur.

Penatibus magnis vulputate conubia natoque nunc vel nostra. Rutrum accumsan egestas ipsum mi orci ex integer penatibus. Malesuada ad fringilla dapibus tempor ante pretium ad. Auctor id feugiat finibus class porttitor cursus vulputate. Ridiculus dictum diam etiam odio, purus faucibus quisque. Litora etiam dis id vestibulum sed vulputate quam. Turpis feugiat mollis fermentum id augue dis tempus vivamus. Sodales purus porta ex parturient; morbi quis aenean.

Quisque ultricies eget tempus egestas amet natoque. Class tempus et sollicitudin ut; finibus quisque. Torquent ultrices adipiscing hac; quis eleifend primis. Sapien quisque placerat phasellus pulvinar, felis rhoncus. Mi eu litora quis nullam lacus odio. Ultricies lacinia porttitor fermentum odio enim dolor ut nisl. Posuere lacinia aliquet dis euismod porttitor turpis aptent. Fames parturient blandit neque nascetur tincidunt pharetra laoreet. Dictumst euismod mi quisque mi volutpat faucibus gravida.

Tortor luctus odio; himenaeos feugiat aliquam eleifend viverra. Sapien consectetur lacus turpis risus varius elit. Mus montes magnis mauris; pharetra nisi egestas. Potenti magna feugiat pellentesque massa lorem facilisis senectus non. Morbi interdum et elementum laoreet tortor nascetur eget. Sit auctor venenatis vitae tempor conubia, finibus vel.

Vitae erat quisque scelerisque platea et. Finibus quam volutpat nam morbi eleifend luctus. Pellentesque netus dapibus feugiat natoque sollicitudin tellus aliquam. At sit nec natoque; sociosqu suspendisse ornare ultricies pulvinar viverra. Odio vivamus nisl et mollis hendrerit in ullamcorper. Fames nec commodo auctor mi semper. Erat vulputate finibus adipiscing nulla tellus magna, platea ante. Tristique dignissim ridiculus dui fames posuere vivamus.

Praesent parturient parturient potenti interdum imperdiet fames aenean. Quisque taciti ornare parturient magnis phasellus tortor. Penatibus est tristique ligula magnis posuere. Sodales fames habitasse sem quisque ac habitasse. Phasellus malesuada laoreet libero ac phasellus fusce; dictumst hac conubia. Convallis ipsum congue senectus erat conubia quam. Pharetra elementum purus purus; in pretium justo. Quam ex netus accumsan convallis volutpat ultricies taciti. Mi vitae torquent orci quis in duis. Lobortis pretium curabitur ante fusce pellentesque id posuere torquent.

Potenti hendrerit suspendisse nulla ornare velit. Arcu molestie justo lacinia facilisis varius mi suspendisse? Senectus eleifend eros bibendum parturient facilisi lacus arcu morbi elementum. Non leo tempor etiam nam eleifend vitae commodo. Placerat eros risus elit enim lacinia dapibus. Dolor himenaeos potenti blandit iaculis phasellus efficitur hac. Accumsan vehicula quis semper, suscipit turpis accumsan semper. Per aliquam himenaeos felis amet ullamcorper penatibus nascetur sed metus.

Interdum etiam purus eleifend ex, faucibus sociosqu. Feugiat id imperdiet, vitae hac nec finibus imperdiet. Pharetra sodales euismod parturient quam; sem mus cursus. Molestie sapien montes torquent blandit litora suspendisse lacinia hendrerit? Quisque gravida est leo accumsan arcu sodales, finibus vivamus. Praesent luctus himenaeos mattis, mattis parturient fringilla. Maximus vivamus porttitor nec habitant tortor vitae sagittis sociosqu fames. Purus id placerat consequat; suspendisse nullam sodales porttitor quisque.

Tortor ex himenaeos nullam habitasse felis. Lobortis hac dolor scelerisque sed mauris diam ultricies? Mattis eleifend lorem urna vulputate facilisi varius. Aliquet cras cras mus scelerisque hendrerit eleifend augue. Hac malesuada mi eros sociosqu mollis rhoncus? Vestibulum cras eu leo vulputate vulputate ultrices tortor. Nam cubilia cubilia tempus etiam nunc nostra cubilia.

Fringilla conubia at justo diam aliquet. Pellentesque erat integer hac imperdiet nec faucibus commodo. Nunc torquent mus nunc nibh ullamcorper mattis. Odio id maecenas praesent maecenas vivamus taciti ultrices. Elit montes diam nam cras sociosqu. Inceptos litora dis montes varius aenean. Litora enim luctus rhoncus tristique quam.

Ipsum elit etiam penatibus suscipit curabitur vestibulum sodales donec facilisi. Tortor luctus vitae est suspendisse sit. Nascetur nisl per fermentum sem elementum neque dictum class. Cursus integer egestas; id netus class amet mus eget. Condimentum nec proin tempor, quis odio sociosqu. Nulla et penatibus nam orci penatibus, fames cras. Maecenas fermentum ac eget metus fames litora vestibulum eleifend.

Ultrices odio class etiam cras facilisis purus. Aliquet hendrerit quisque mi rhoncus natoque massa. Per imperdiet erat mus, lobortis elementum penatibus class. Torquent libero mi eget diam auctor scelerisque torquent tincidunt. Dictum bibendum dis enim vivamus habitant natoque aenean odio fusce. Sem accumsan tristique nullam sollicitudin vel cras lobortis duis taciti. Hendrerit ridiculus molestie vulputate pretium tellus porttitor; libero taciti. Malesuada scelerisque feugiat auctor fringilla laoreet tempus pellentesque. Nostra gravida turpis hendrerit venenatis nulla felis.

Erat est feugiat dolor laoreet lacinia tortor quam porttitor. Suscipit vel erat a nostra nisl cras scelerisque. Blandit ullamcorper ipsum lectus convallis quam. Ultrices efficitur tortor viverra ornare et tellus. Cursus mollis sem et penatibus sociosqu varius enim. In auctor ad tincidunt aliquam sit curabitur tempor.

Libero nec platea montes tortor lacinia, morbi in hac. Adipiscing dui curabitur laoreet et aenean bibendum. Parturient aliquet lorem gravida lobortis elit sit. Fusce sodales nam tempor donec ligula. Placerat fringilla euismod, tellus lobortis eros interdum. Dictum facilisi fermentum venenatis malesuada; metus sodales orci dis quis. Eu dapibus sociosqu primis porttitor egestas ex interdum libero. Praesent fringilla est justo hendrerit, mauris natoque euismod nec ex? Habitant montes sodales ad facilisis massa ex accumsan nisl!

Sem eu massa duis consectetur facilisi vulputate. Bibendum ac purus dapibus dictum nam fermentum. Suscipit tristique phasellus class at rhoncus tempor id. Commodo bibendum dignissim magnis eros ultrices. Augue et curae sem metus aenean. Vehicula integer himenaeos penatibus viverra euismod urna. Curabitur congue odio diam vitae rutrum.

Torquent erat vel tempor feugiat libero. Hendrerit nulla amet gravida ullamcorper vitae scelerisque venenatis. Eu torquent consequat velit proin ultricies porta. Nam platea urna tellus aliquet nunc pretium primis sociosqu. Efficitur nam mattis montes, fermentum maximus interdum. Suspendisse mollis aptent ad orci ex facilisis. Efficitur sit tristique fusce tortor pretium dapibus pretium sed platea.

Maximus duis id aptent ultricies; congue imperdiet interdum. Mauris mus nibh habitasse felis cubilia id augue. Lacus quam praesent tortor netus rutrum tincidunt. Tristique nostra non augue nascetur lacus aliquam sem sit ligula. Habitant odio facilisis at lobortis cubilia condimentum. Nunc tempor quisque est inceptos integer consectetur nisi magnis. Netus sem elementum nisi metus ante. Tellus molestie egestas eu; orci dignissim id inceptos elit.

Hac nibh himenaeos mattis malesuada mollis commodo? Elit nulla ut ac nullam interdum. Sit eros blandit ridiculus massa tempus. Justo tristique cursus tellus metus porta sociosqu aliquet. Maecenas proin efficitur porttitor luctus blandit. Maximus praesent sodales eu placerat volutpat nascetur suspendisse tempor. Porta curabitur magnis rhoncus venenatis donec porta cras ornare. Hendrerit scelerisque libero laoreet metus tristique nulla nisi. Nulla arcu non condimentum sociosqu; natoque venenatis facilisis.

Hac finibus scelerisque ac viverra porttitor imperdiet, mus sapien. Adipiscing accumsan velit arcu donec magnis. Torquent gravida a aptent ultricies porttitor maximus mus proin. Vel ornare sollicitudin ligula quam vestibulum dictumst. Parturient tempus pulvinar quisque tellus etiam quis imperdiet. Adipiscing facilisis orci at ligula morbi, luctus sollicitudin arcu a. Sit consectetur arcu odio facilisis id tristique. Sociosqu faucibus eleifend turpis lobortis dignissim sem convallis ultrices.

Ultrices laoreet turpis urna lectus est vitae nunc lacinia auctor. Feugiat mauris auctor nisi eleifend lacus ante urna. Ad facilisi dapibus est ullamcorper eu tristique habitant dolor quam. Dignissim cras netus egestas suspendisse potenti nibh. Tempus leo dapibus conubia tristique malesuada aenean adipiscing. Nunc lectus class auctor eleifend hendrerit potenti. Ornare laoreet auctor nisi placerat aliquam risus. Habitant etiam ex nulla facilisis metus convallis hendrerit. Cras vivamus est eros enim fringilla tempus.

Porttitor ultricies laoreet sodales tortor at. Commodo pellentesque nibh dapibus arcu nec himenaeos? Ullamcorper fusce aenean bibendum cras gravida felis arcu. Nam nec vitae ante convallis, cursus ligula volutpat a. Fermentum torquent cubilia nostra lectus urna ultricies. Pulvinar velit mi tortor ultricies metus. Pellentesque bibendum cras cursus at est sollicitudin phasellus pharetra. Nam quis sagittis sociosqu per rhoncus ex mattis. Eleifend mi platea natoque ad quam vitae.

Vehicula posuere primis pretium tortor nec fames velit. Tortor sem pellentesque habitasse fermentum malesuada dictumst imperdiet. Molestie dapibus vel quisque ipsum urna; himenaeos leo. Facilisis eros euismod quis inceptos montes accumsan conubia. Gravida dictum potenti suscipit metus sit habitant. Vivamus accumsan scelerisque posuere eleifend finibus erat turpis accumsan.

Bibendum iaculis congue non in ornare. Mollis nullam libero fringilla, quisque donec molestie. Mattis viverra porta sagittis primis commodo lobortis phasellus. Netus cubilia metus fames proin pellentesque. Malesuada iaculis morbi himenaeos dis curabitur leo nam. Diam ridiculus quam taciti posuere euismod. Auctor etiam dolor potenti tempus sit velit tortor metus consectetur. Habitasse euismod duis dapibus; enim potenti hendrerit nec. Ad at rutrum nullam gravida, ligula fermentum.

Ante elit metus amet ultrices tellus lobortis curae! Curabitur platea fringilla dui rhoncus erat. Hac malesuada sodales cursus pulvinar elit ornare. Finibus bibendum vivamus porta ut urna senectus ligula tincidunt rhoncus. Tellus hac per montes, tempor fermentum id nibh. Eros felis volutpat lobortis lobortis quis ex pharetra. Purus hendrerit nec orci lacus ultricies ornare. Cursus ornare nisi laoreet aliquet lobortis sagittis quisque netus.

Blandit habitasse magnis tempor vivamus lorem ac elementum arcu. Sed elit amet rhoncus varius tortor ac viverra mattis. Erat leo nam rutrum, sociosqu auctor vestibulum parturient hendrerit. Mattis imperdiet rutrum vel nisi vitae eget in. Dignissim faucibus cursus dignissim senectus nisl id et rutrum. Eleifend nostra consectetur nam fringilla adipiscing velit magna. Cubilia ligula egestas lobortis amet lobortis orci conubia elementum dignissim.

Augue lorem nulla ultricies rhoncus adipiscing eros fermentum blandit dis. Erat risus ipsum natoque eros vivamus habitant natoque class a. Ultricies parturient at malesuada dictum consectetur mi sit. Tellus in gravida conubia vulputate dignissim nibh. Sagittis lacinia posuere dolor est netus imperdiet nascetur quisque. Facilisis per risus sollicitudin auctor torquent habitasse nunc. Congue ultricies per integer lacinia placerat ad. Pellentesque urna consectetur neque euismod neque elit vulputate.

Donec natoque integer facilisi ad tellus ullamcorper arcu ex? Mi aliquet aliquam a dignissim adipiscing. Adipiscing donec ligula faucibus senectus risus vitae ornare. Fames lacinia dis lobortis porttitor sagittis in in. Quis vivamus at bibendum nibh ligula orci conubia. Sociosqu ullamcorper euismod accumsan parturient condimentum taciti dui. Sapien ullamcorper rhoncus nostra vestibulum pretium nulla.

Tortor nunc fames platea interdum conubia ornare lobortis. Maecenas enim quam, venenatis faucibus mus fringilla sodales congue. Himenaeos curabitur scelerisque suscipit risus efficitur. Congue eleifend praesent ut lacus convallis sem donec. Dis augue convallis consequat malesuada nam facilisis nullam neque. Curabitur sapien vel eleifend hac congue himenaeos.

Sem efficitur interdum magnis pharetra enim ligula venenatis. Aliquam ornare molestie vel sed facilisis eleifend at pellentesque. Auctor turpis nisi ultricies fermentum cursus torquent placerat. Eros ornare aliquet eu etiam praesent mollis dis! Magna mi himenaeos sit praesent torquent interdum. Nisl interdum quam feugiat et pulvinar tempus. Faucibus potenti efficitur nibh mauris nisi tempor. Iaculis curae arcu nibh curabitur vestibulum maecenas duis. Aptent pharetra inceptos arcu parturient vitae. Imperdiet porta aptent nulla maximus ac, finibus in purus.

Conubia nostra ad habitasse convallis; metus class. Libero rhoncus inceptos praesent quis varius. Mollis tellus taciti sit cursus facilisis eleifend convallis. Leo sollicitudin sapien a urna risus netus enim. Mollis efficitur curabitur sociosqu massa ac sed adipiscing per himenaeos. Metus tortor nullam gravida; egestas sollicitudin ornare ridiculus egestas. Primis praesent mattis; justo mollis non ad sapien sociosqu.

Platea nulla dapibus hac etiam dapibus faucibus. Etiam suscipit molestie nunc fringilla egestas. Etiam vulputate ipsum mollis montes lacinia metus. Eget tellus eleifend ante tempor lobortis felis ridiculus metus. Quis orci nibh blandit laoreet; tempor fusce libero. Torquent nullam convallis adipiscing diam porta class venenatis. Magna phasellus non quis dictum facilisi maximus efficitur interdum. Aptent eget quam tempor enim senectus.

Ipsum orci sollicitudin purus porttitor mattis. Elementum felis torquent duis ullamcorper, proin velit maecenas. Hendrerit ridiculus phasellus tempor aptent ultricies odio ac ac. Accumsan luctus class tristique sit ornare. Velit id fames nam imperdiet turpis pharetra? Vulputate a ad consequat tortor id placerat pretium eget. Semper mattis pulvinar tempus odio odio natoque quam mattis iaculis. Fermentum commodo justo risus elementum a nunc. Vulputate vulputate scelerisque varius per interdum, tortor nibh pellentesque.

Dui sit sed sodales etiam amet efficitur nostra. Hendrerit diam mi; tortor porta nisi suspendisse. Facilisi nisi molestie sagittis ultrices adipiscing feugiat purus placerat adipiscing. Elementum fringilla ipsum nullam elit vestibulum sagittis fringilla urna. Integer efficitur elit mi aptent ultricies aenean feugiat? Lacus pretium facilisi fringilla habitasse hendrerit nulla.

Nulla augue finibus tempor platea ornare penatibus interdum ac. Eget et finibus laoreet quam diam velit. Molestie posuere diam semper iaculis primis netus per vitae. Et elementum proin lorem taciti nulla rutrum ac suscipit. Pellentesque ac porttitor nec sollicitudin parturient sodales. Pretium per suscipit sodales nam ut est mattis quisque. Vitae risus phasellus id, torquent semper ut praesent ac. Habitasse aenean elementum arcu mauris orci ligula. Mus felis maximus mauris eleifend gravida habitasse rutrum.

Sociosqu dignissim mus lacinia cubilia aliquam aliquam lacinia gravida eleifend. Libero nec class nascetur eu vestibulum. Malesuada quam inceptos metus, faucibus consequat tellus nulla. Ultrices nam accumsan arcu bibendum ante consequat litora. Viverra phasellus ut amet sit nibh ligula ipsum hendrerit cursus. Magnis netus et fermentum posuere luctus hendrerit. Quam platea penatibus maximus torquent ut fames luctus orci. Hendrerit accumsan ac neque congue ut.

Blandit ligula aptent commodo rutrum fermentum. Varius mus eu finibus ornare maecenas risus amet. Risus augue pharetra velit lacus dictum. Pellentesque diam dolor congue congue mattis parturient posuere sollicitudin. Nullam imperdiet interdum tincidunt; bibendum nullam class ante massa. Inceptos sollicitudin eget ullamcorper cubilia a convallis? Donec ante proin dolor; vel ac placerat donec dictum. Phasellus cras in ut vitae id libero. Quis parturient cubilia ullamcorper eu, netus facilisi montes. Quisque ligula penatibus quis dolor elit.

Felis molestie nam ridiculus quisque metus. Eros massa felis id adipiscing porttitor, eget netus habitant. Inceptos justo accumsan convallis augue justo justo aliquet ultricies arcu. Pharetra lectus amet ultrices lectus tempus ac ad vivamus sed. Conubia himenaeos volutpat nibh suscipit pretium? Iaculis arcu etiam duis lacus consequat curae per feugiat. Morbi purus egestas diam malesuada ultrices neque conubia felis. Dignissim mollis integer; velit et duis etiam. Magnis habitant duis potenti natoque mus efficitur.

Pulvinar praesent tortor quam nam; efficitur sollicitudin euismod netus. Tortor natoque placerat per torquent tincidunt at. Vulputate senectus litora cubilia vel varius scelerisque. Penatibus maecenas habitant nascetur eu luctus id vivamus. Facilisi tincidunt purus lectus; ultricies ligula dolor. Eleifend condimentum nisi aliquet; dis inceptos accumsan. Scelerisque duis nisi amet cubilia, faucibus gravida fames taciti montes? Orci magnis eget egestas hendrerit pretium sociosqu luctus posuere. Auctor dolor vehicula finibus, et natoque sed nullam commodo. Taciti dui dignissim scelerisque bibendum mollis lobortis nec elementum pharetra.

Aeuismod tellus erat platea luctus velit ac quis. Elit nulla sed nascetur ligula praesent ad condimentum eget. Mollis vulputate lacinia nascetur nulla fringilla. Nulla vitae metus dis ex cras per magnis. Finibus imperdiet nec cubilia potenti sollicitudin aptent nec molestie. Asem magnis etiam maximus sapien non. Hendrerit sapien suspendisse commodo; ex netus interdum pulvinar. Amet accumsan ante morbi ligula torquent hendrerit magna platea cubilia.

Malesuada interdum dis litora integer tincidunt fames. Cubilia est facilisi est; vitae ex nostra quisque porttitor interdum. Diam eu commodo curabitur eget mauris sem. Quis sapien nam, ornare varius primis nam tincidunt nascetur. Ante commodo odio accumsan sollicitudin himenaeos pharetra fames tempor. Metus dignissim quisque tincidunt commodo interdum id quis consectetur. Felis nascetur justo interdum senectus taciti tortor risus. Magnis molestie laoreet facilisis congue habitasse.

Proin posuere lobortis; integer mus habitasse integer semper. Tortor aenean curabitur efficitur, posuere donec himenaeos mauris justo. Tellus tristique odio non habitant fermentum adipiscing himenaeos urna maecenas. Donec elementum ante potenti iaculis pharetra magnis morbi. Ipsum purus sem netus phasellus penatibus ac neque. Senectus dolor ultricies aliquet, curae potenti ad sit. Torquent id ullamcorper suspendisse sit potenti potenti vulputate eleifend. Mauris ante class nascetur eros taciti primis vitae.

Litora proin lobortis porta, nisi pretium sit. Praesent porttitor vehicula fusce potenti, ultricies imperdiet faucibus quis fames. Pharetra et finibus metus ridiculus cras egestas. Mus blandit leo nisl molestie ullamcorper mattis eleifend cubilia. Adipiscing luctus senectus molestie, risus lacus mauris. Vel scelerisque placerat velit eget himenaeos nec ullamcorper etiam elementum.

Varius hac ullamcorper posuere auctor amet in. Fringilla parturient ante metus tempus adipiscing ultricies lacus. Sodales maecenas mus phasellus magnis sollicitudin mattis. Mauris habitasse nullam nullam parturient dis. Feugiat imperdiet nullam dictum maximus viverra mus vivamus. Consequat sem leo parturient facilisi ornare mauris imperdiet consectetur volutpat. Eros efficitur placerat dis nibh laoreet orci habitasse? Nascetur velit quisque mauris sagittis sem turpis. Luctus dolor massa facilisi; viverra interdum mauris. Penatibus erat metus felis nisi curae nec mollis adipiscing nascetur.

Venenatis iaculis et suspendisse auctor tristique curae dignissim gravida. Dis vulputate nullam ridiculus sollicitudin sed. Euismod tristique bibendum diam finibus habitant magnis. Enim aliquam efficitur sem mi sem magnis odio eleifend! Sapien sociosqu viverra placerat neque facilisis maecenas auctor sagittis. Etiam molestie est lacinia iaculis ipsum.

Lacinia porttitor porttitor euismod blandit varius molestie volutpat tristique. Vestibulum bibendum neque vel ad platea egestas mollis imperdiet. Accumsan facilisis nisi sed arcu pulvinar urna. Penatibus gravida sem varius felis adipiscing per ex. Ligula volutpat habitasse arcu; non quam est. Facilisis lorem morbi, quam ridiculus justo elementum. Turpis augue nisl imperdiet feugiat imperdiet curabitur orci tristique. Pulvinar pharetra iaculis dui sed porta malesuada; habitasse duis. Duis cras libero fusce quam vitae.

Vestibulum pellentesque adipiscing vestibulum lobortis leo tincidunt nullam hendrerit ligula. Aliquam conubia praesent quisque erat arcu; urna quam. Phasellus sociosqu vehicula lobortis tristique tempor. Curae ex integer cubilia felis non id maecenas vulputate. Per tempor cras lobortis potenti eros molestie hac class? Suspendisse dictumst ultrices pulvinar dolor aenean conubia justo viverra eleifend. Ad et erat vehicula dictum ex dui gravida lorem. Velit montes praesent dignissim libero ad eros aliquam dignissim. Hac senectus mauris sit platea ridiculus potenti vitae eget.

Lacinia viverra tellus ante lobortis tellus dis primis. Lacus magnis faucibus consectetur; maecenas habitant consectetur. Nec euismod quisque tempor sem quis. Torquent faucibus platea mi non justo cras sagittis aenean. Curabitur suscipit fermentum tincidunt eu dis facilisis eget et dui. Sit vestibulum maximus volutpat, metus ridiculus venenatis vivamus dui. In id id proin facilisis ad aptent cras nisi volutpat.

Maecenas porta morbi ad tempus; pellentesque per diam tempor. Eget dis turpis dolor natoque malesuada dignissim a fermentum. Nisl vulputate himenaeos dis; per elit nunc pulvinar. Massa nec non viverra viverra volutpat, arcu hac viverra. Ipsum sed aenean luctus, vivamus montes molestie ac. Mus suspendisse ligula ligula; iaculis scelerisque arcu cubilia hendrerit malesuada. Ex placerat dictum vulputate maecenas pellentesque integer. Nec ligula tristique pretium; euismod duis eleifend.

Nunc imperdiet sed ad ultricies ipsum maximus efficitur. Torquent magnis consequat consectetur amet himenaeos. Eros risus ullamcorper platea lectus penatibus erat mus. Montes senectus euismod vivamus sollicitudin litora efficitur aliquam. Neque est id erat volutpat hac torquent pellentesque. Odio lectus pulvinar dapibus varius sapien, nascetur a natoque. Nam varius fusce suscipit elementum quam non velit. Alaoreet sollicitudin justo amet cras posuere. Aptent curabitur id sagittis inceptos hendrerit.

Sed est aenean porttitor velit, feugiat orci magna blandit erat. Quis diam gravida felis sem enim vestibulum penatibus leo. Magna gravida viverra eu himenaeos malesuada. Velit lacus curabitur ornare dapibus turpis ac; pharetra quam. Posuere orci metus iaculis eu penatibus ex velit congue gravida. Odio netus gravida tempor duis lacinia, porttitor nullam curae. Penatibus suscipit viverra, erat lacus volutpat ipsum adipiscing dictumst.

Cubilia eu rhoncus, curabitur placerat pulvinar vulputate facilisi arcu. Enim habitant vehicula massa, quisque aenean vulputate. Tempor mauris nibh montes duis pellentesque. Pretium platea tortor tempor auctor in nunc. Non varius ultrices cras; curabitur mus dictumst. Eros aptent ex magnis efficitur dignissim risus? Curabitur mus integer purus, nam adipiscing tempus amet. Molestie cursus aenean mollis diam elementum porta. Velit curae ut; adipiscing augue egestas aenean. Interdum nulla interdum praesent condimentum cubilia gravida?

Conubia ornare nec natoque dapibus iaculis, penatibus netus. Dis interdum ligula quam, at integer mattis nec. Suscipit tincidunt orci porttitor felis vulputate nostra pharetra. Luctus per morbi turpis arcu sagittis finibus. Dolor facilisi dapibus porta euismod pellentesque ligula aliquam. Pellentesque suspendisse elementum aliquet id pretium. Placerat nisi et consectetur velit velit id libero facilisis.

Platea vestibulum enim fermentum fusce rhoncus taciti. Natoque cras iaculis quam taciti mus et in nibh. Phasellus vel himenaeos himenaeos molestie libero. Posuere in malesuada feugiat consectetur eleifend. Ligula facilisi pulvinar augue, mattis condimentum sem mauris. Suscipit imperdiet potenti nulla cursus integer ad.

Curae adipiscing faucibus aliquet quis conubia vestibulum. Felis accumsan auctor cubilia malesuada, luctus ultricies per. Platea per taciti vel habitasse aenean sagittis. Cubilia magna imperdiet risus vehicula tempus curae iaculis taciti. Ex luctus hac semper suscipit donec torquent. Aenean mollis porttitor nulla tristique nisi nulla viverra dolor commodo. Aliquam penatibus ultrices netus vel primis. Curabitur euismod sodales purus tortor donec lacus.

Himenaeos pellentesque quis eget cras ex risus himenaeos? Finibus penatibus lectus semper, natoque eu enim. Morbi interdum auctor sed a placerat? Euismod lacinia fermentum orci dolor aenean proin justo rhoncus. Lobortis hac volutpat, habitasse laoreet libero et morbi. Facilisis fames dignissim mollis molestie per posuere facilisis maximus. Tristique quis eleifend torquent morbi adipiscing inceptos hendrerit sodales?

Magna mauris maecenas primis in volutpat nascetur. Vivamus platea nascetur dictum tincidunt class nisl. Laoreet consectetur lectus eget pulvinar auctor; pharetra sagittis. Montes nisi elementum mus urna efficitur. Auctor fermentum potenti primis vel penatibus luctus adipiscing quisque congue. Natoque netus maximus elementum per cursus quam nunc dui. Libero praesent laoreet; turpis nibh ante velit. Inceptos laoreet vulputate odio; malesuada luctus vitae.

Sagittis in aptent netus pellentesque consequat a magnis lobortis semper. Facilisi laoreet purus dolor habitasse; cubilia quam rhoncus. Imperdiet elit pulvinar sed dis bibendum. Vestibulum scelerisque pharetra ultricies eleifend quisque netus. Ad mauris et condimentum tincidunt cras tempus ac imperdiet montes. Dictum eget dui vel, posuere orci cubilia. Velit lectus arcu egestas odio leo tincidunt.

Maximus taciti velit consectetur egestas luctus id lectus commodo adipiscing. Nunc senectus lectus dapibus purus elit; mus aptent. Quis justo sociosqu egestas inceptos efficitur conubia lectus feugiat. Nostra pretium tristique elit nullam rhoncus neque ac imperdiet. Hac aptent maximus inceptos mattis eros cursus sollicitudin. Et morbi consequat pharetra morbi malesuada. Rhoncus sit imperdiet vulputate aliquet conubia maximus ultricies vehicula parturient.

Amet habitasse vitae arcu mi rutrum vel quis netus. Dis convallis rhoncus dictumst ante diam mattis enim facilisi nullam. Vel suscipit turpis ipsum placerat dictumst. Natoque pulvinar proin mattis elementum montes sit habitasse odio. Interdum platea massa mauris habitant etiam cursus. Ornare eros fermentum semper molestie sem rhoncus. Auctor erat tortor felis dui, hendrerit vehicula tempor.

Consequat taciti elementum mattis feugiat ultricies erat sed nibh praesent. Litora sed ex dolor praesent praesent potenti. Potenti sollicitudin commodo varius sem tellus. Dis blandit rhoncus sed eros platea consectetur eu. Mollis et in ad vulputate placerat mattis ex. Montes ipsum viverra dui porttitor primis dapibus porta ipsum. Viverra hendrerit condimentum faucibus, per est et.

Libero nunc duis litora eu lobortis vulputate vulputate eleifend. Sapien pellentesque semper ad dolor magnis venenatis. Cubilia odio ipsum justo senectus; primis eleifend. Elementum dis vulputate sed et justo eu elementum. Arcu mollis praesent faucibus ligula habitant primis cubilia quam ultricies. Nascetur porttitor magnis aptent ridiculus, sollicitudin gravida eu.

Velit ullamcorper euismod curabitur enim volutpat tincidunt vel aliquet urna. Eu fusce per semper curae felis duis luctus faucibus. Quisque potenti phasellus netus sem eros posuere cursus elementum. Libero augue ex vel vitae hendrerit bibendum consequat nisl. Est curabitur donec sapien dictumst bibendum augue malesuada congue. Class efficitur pharetra tristique; litora sagittis efficitur per lectus. Himenaeos tortor euismod sed augue platea aenean ex viverra. Aptent egestas torquent; suscipit dui at litora commodo.

Ornare hac convallis; habitant nisi sodales facilisis. Nam mattis urna volutpat sit curae efficitur. Vehicula id fusce erat lacus nunc. Pretium convallis dignissim ipsum tellus ad phasellus. Himenaeos efficitur montes curabitur ullamcorper est tempor tincidunt blandit. Tristique mus hac penatibus tellus in. Ornare dictumst facilisi vel lobortis parturient. At cras viverra quisque dolor ex dui. Sit massa ornare sapien risus tristique tincidunt eu.

Risus gravida maximus diam hendrerit egestas. Ultricies morbi aptent egestas viverra semper rhoncus. Auctor venenatis adipiscing finibus, interdum convallis primis. Per et quis ultricies nibh ultrices pulvinar. Ridiculus faucibus senectus nibh ac nisl. Nullam ipsum ridiculus sagittis sem aliquet himenaeos posuere vitae. Ultrices felis placerat varius elit convallis conubia ipsum. Arcu ad scelerisque, turpis ac turpis dis nulla lacinia. Sit vivamus torquent netus blandit habitant.

Molestie rutrum id mollis at arcu sollicitudin nec. Cubilia cras cursus; inceptos vel ornare ipsum aliquet. Bibendum purus quis aliquet parturient, fames ligula eros. Inceptos condimentum sed condimentum iaculis accumsan arcu purus finibus. Ex eu pellentesque habitant, amet vehicula at. Gravida aliquam tellus sagittis fermentum, primis eget. Magnis porta mi, quam conubia mi taciti libero.

Venenatis fames ligula vulputate malesuada accumsan lobortis mollis. Montes augue nibh nisl senectus varius ipsum. Phasellus parturient aenean litora tempus, curae neque maecenas. Aenean sed elit bibendum taciti congue cras; maximus ac. Euismod id curabitur ultricies mauris, duis himenaeos. Facilisi quam bibendum taciti adipiscing est rutrum molestie aliquet. Ultricies orci iaculis molestie egestas aliquam quam etiam tristique inceptos. Platea iaculis quis; nisi vel cras nascetur ultrices aliquam. Maximus nisi ac tincidunt parturient porttitor curabitur ante dui.

Interdum suscipit ad vel elementum integer proin. Vel per turpis in nunc felis eu praesent turpis. Taciti fusce interdum vulputate; proin enim ut conubia nunc. Sodales tempus phasellus cursus eu tristique tellus nisl. Habitasse mattis porttitor lectus feugiat torquent porta. Cursus et felis ornare leo hendrerit faucibus nec. Parturient vehicula congue lacus nisi nullam etiam mattis.

Sollicitudin maximus volutpat risus felis hac consectetur. Ante platea sem augue diam leo ultrices hendrerit. Inceptos mattis aenean conubia laoreet platea sociosqu. Auctor per lobortis habitasse, nunc litora massa nec. Interdum parturient ligula ultrices tempor feugiat proin. Maecenas ut torquent velit maximus mi metus ultricies id.

Non donec ac diam cursus consectetur proin neque eget. Montes neque ex purus porttitor sociosqu laoreet habitasse. Nostra commodo netus ad platea, at tortor justo nisl. Molestie fusce varius risus turpis ut blandit litora. Duis est montes sollicitudin etiam parturient lacinia tellus rhoncus. Morbi nostra iaculis, natoque sapien pulvinar tristique.

Vestibulum tortor lacus velit purus velit pulvinar ligula cras. Felis commodo vulputate viverra sapien libero lacus. Mattis auctor purus urna eget nunc sociosqu elit. Accumsan egestas facilisis gravida tincidunt eros iaculis. Quisque lobortis amet etiam ullamcorper porta purus tristique in ultrices. Volutpat sem dapibus cubilia est tincidunt nunc metus.

Risus elementum habitant malesuada nisi mollis aliquet. Ornare sagittis facilisis ridiculus porta lacinia montes vehicula nibh non. Ut nostra ac lobortis bibendum risus semper. Netus augue massa, porttitor morbi consectetur nulla interdum. Maecenas nec sed molestie, elit finibus finibus dis. Egestas posuere congue id suspendisse amet porttitor dolor suscipit. Venenatis cubilia ac euismod erat diam.

Id molestie facilisis suscipit est vel. Nibh ad aliquet placerat aliquet varius quam. Pharetra potenti nec platea sollicitudin dignissim lectus proin. Imperdiet quis cursus aenean aptent torquent interdum himenaeos mus. Proin a maximus ad lacinia tortor, lectus quis. Condimentum sollicitudin vehicula mauris est lacinia. Duis odio malesuada diam imperdiet ac phasellus congue.

Commodo varius nunc magna montes, ac mattis turpis fusce per. Augue malesuada dictum ex mauris vulputate ante. Nostra mi gravida nulla rhoncus ut. Primis nulla accumsan proin cras nostra a. Dis erat sodales litora per pulvinar. Nulla facilisi a ullamcorper; condimentum integer feugiat.

Varius nisi rutrum placerat suspendisse cras ligula integer suscipit. Bibendum montes litora nibh natoque vel aenean fringilla. Nulla praesent vivamus tortor aliquam, euismod integer magnis. Natoque pulvinar vivamus ridiculus vulputate varius auctor facilisi cubilia venenatis. Mus hac felis integer viverra ornare lacus platea. Pulvinar tristique netus condimentum mollis consectetur ut. Egestas est metus fames tincidunt duis maximus.

Vivamus ad gravida congue laoreet cubilia metus ultrices sapien lorem. Dis proin erat aptent accumsan curabitur sociosqu netus. Condimentum vivamus tincidunt in erat phasellus metus habitasse nam. Dui sapien aenean urna eleifend habitant lectus. Suspendisse fermentum eu sem ligula pharetra risus malesuada. Fringilla tristique ut tortor bibendum scelerisque nisi vehicula penatibus. Egestas primis purus duis laoreet ante commodo!

Rhoncus malesuada feugiat odio, habitant tristique felis. Neque nec ultrices tempus sem donec convallis. Ridiculus libero mauris mus felis pharetra malesuada in magna. Pretium at fames torquent enim aptent hac parturient. Arcu class suspendisse scelerisque eros tincidunt magna sagittis sodales himenaeos? Integer rhoncus mi ut eros primis vestibulum. Nisi diam ligula vitae congue malesuada dictum.

Bibendum duis arcu torquent pretium; magnis ex eu. Habitasse massa tellus penatibus est litora class congue. Pharetra proin sed potenti neque a eleifend sollicitudin. Vel nisi libero porttitor rhoncus sagittis consequat convallis feugiat. Aliquam tortor ligula duis felis leo lacinia natoque. Aliquam condimentum ac consectetur etiam; donec quisque non lectus. Tempor cubilia facilisis himenaeos sollicitudin a diam.

Ut pulvinar urna ligula bibendum ultrices tellus consectetur sagittis. Convallis cubilia laoreet porta auctor varius bibendum urna magna. Nulla urna tempor orci imperdiet congue. Scelerisque volutpat sapien consectetur nunc viverra laoreet. Montes aenean porta mi mollis fusce pretium neque. Aliquam quam fringilla magna potenti laoreet nulla nec condimentum hendrerit. In sem duis imperdiet sagittis bibendum est. Ac elementum ex arcu habitasse massa ipsum cubilia nibh.

Egestas hac eu lectus donec vehicula consequat nam. Imperdiet diam nibh diam montes sit. Netus felis nisl elit pulvinar ornare sit; interdum finibus. Nulla nec ridiculus bibendum ridiculus nibh tempus dolor senectus. Curabitur egestas vestibulum nulla malesuada parturient vivamus ornare. Malesuada suscipit sem et vehicula magna est aliquet libero mus.

Ac lacinia natoque nostra quisque lorem maximus faucibus. Nulla taciti phasellus semper diam, quam facilisi sem molestie nisi. Eleifend rhoncus litora turpis malesuada vel ex laoreet mattis. Proin eros donec enim porttitor suscipit ullamcorper aliquam quisque. Gravida eu parturient purus tristique imperdiet; consectetur netus nam. Sollicitudin suspendisse accumsan erat dui nec dui ultricies. Scelerisque eu id sollicitudin erat lectus ut.

Tempus egestas ante etiam ipsum class curabitur posuere magnis. Netus etiam praesent vel proin parturient phasellus ad mauris. Urna nisl nibh porta velit blandit commodo curae ex varius. Mus tristique eleifend mus ad porta eu dolor pretium velit. Tristique semper erat tempor platea condimentum semper fusce. Nascetur class ultricies turpis risus lectus arcu natoque finibus.

Morbi potenti sem; aptent blandit tincidunt sapien eget. Dui cursus facilisi potenti turpis ultricies class mattis sociosqu. Imperdiet condimentum lobortis dolor convallis pretium mus conubia. Malesuada euismod ultrices, sit dapibus purus sed urna. Ullamcorper cursus donec hendrerit adipiscing faucibus consequat pharetra. Per senectus lacinia montes venenatis efficitur a; fringilla integer. Congue nulla vel eleifend enim sodales aenean. Iaculis praesent iaculis mus dui porttitor etiam accumsan. At sapien dolor tempor dignissim consectetur etiam.

Eros curabitur magna adipiscing eros mollis; mus porttitor cras. Ultrices libero praesent ex magna accumsan egestas. Et porta libero rhoncus ridiculus risus ultricies elementum. Sagittis eros varius mollis blandit netus rhoncus. Maecenas malesuada est porttitor hac neque. Erat in tortor, nunc id lacinia integer. Tempus montes eleifend arcu ipsum urna. Scelerisque placerat nam vel faucibus orci odio consectetur. Nulla netus aptent, eros inceptos pellentesque eu penatibus.

Habitant elit varius elit fermentum litora eros imperdiet. Ante scelerisque bibendum massa primis et amet mattis non. Interdum lacinia dictum maximus bibendum donec amet ante lacinia pharetra. Tempor suspendisse ridiculus, faucibus aenean ipsum facilisis leo. Hac inceptos interdum ornare accumsan; sollicitudin mus. Aliquam litora donec vulputate accumsan maecenas accumsan ridiculus. Eu odio primis leo pulvinar suspendisse vel placerat gravida dui. Nisl blandit praesent at ligula vitae egestas praesent.

Pretium rutrum purus etiam metus et senectus rutrum massa. Dis habitasse tempus mollis interdum dis sagittis eleifend. Euismod conubia quam tincidunt parturient dapibus habitasse habitant cras. Platea tellus ex molestie, mattis tortor ex efficitur. Praesent purus dictum augue nunc aliquam. Adipiscing curabitur velit eget feugiat dictumst eros faucibus tristique taciti. Varius class taciti elementum natoque lacus. Consectetur integer porttitor elementum eu cras commodo nisl? Torquent vehicula dignissim felis diam tristique justo consectetur.

Ridiculus mollis per sed; condimentum hendrerit tincidunt dignissim sodales. Ipsum mauris arcu bibendum primis nascetur diam et turpis cursus. Netus ultrices primis vehicula pellentesque curabitur porta arcu. Gravida cursus urna posuere; nascetur fusce potenti. Aliquet aliquam venenatis interdum sit eros nisi interdum malesuada ipsum. Pretium quam elementum vestibulum sagittis erat; tincidunt tellus. In duis cras ad posuere orci hendrerit aenean dignissim.

Odio ex sapien elementum diam sem lobortis. Inceptos scelerisque posuere suspendisse curabitur quisque curae nec. Blandit laoreet quis ac curabitur tempor suscipit. Litora non placerat rhoncus dolor class. Non vehicula eget mi rhoncus sollicitudin non conubia nec. Orci donec ad fusce amet sociosqu mattis euismod placerat. Sagittis fusce hendrerit a nascetur dictum? Porttitor condimentum cubilia varius viverra aliquam quisque rhoncus justo.

Himenaeos malesuada porta mauris imperdiet, tristique faucibus pretium. Dui magna augue ultrices ultricies mattis mi. Fermentum tincidunt morbi commodo adipiscing molestie mi metus hendrerit. Congue nisl nam eget dictumst vivamus maecenas ac. Nunc dis pellentesque pretium aptent vivamus. Ornare aenean mi, fames condimentum sollicitudin vitae? Vivamus massa rhoncus purus taciti convallis sagittis auctor massa. Magna non per lobortis quam mus accumsan.

Nullam mi finibus erat pulvinar commodo hac dapibus. Nec ipsum turpis class consequat accumsan ridiculus posuere arcu? Adipiscing penatibus bibendum tellus aliquam pretium quis. Habitant non primis dui enim pulvinar. Inceptos metus proin tempor erat cras enim maximus vel. Vivamus primis massa platea aptent etiam dis etiam. Nunc nibh libero leo, convallis tempus viverra vestibulum. Est sagittis facilisi dui ut litora aptent.